// Jest Snapshot v1, https://goo.gl/fbAQLP

exports[`<FontLinkHead> should matches it's snapshots 1`] = `null`;
