// Jest Snapshot v1, https://goo.gl/fbAQLP

exports[`<GButton> should match is's snapshot 1`] = `<button />`;
