// Jest Snapshot v1, https://goo.gl/fbAQLP

exports[`<Homepage> should match snapshot 1`] = `
Array [
  <button
    onClick={[Function]}
  >
    Error
  </button>,
  <h1>
    Message from getServerSideProps
  </h1>,
]
`;
