// Jest Snapshot v1, https://goo.gl/fbAQLP

exports[`<ProductPage> should match snapshot 1`] = `
<div>
  <h1>
    Product page
  </h1>
  <p>
    You're seeing an static page.
  </p>
  <p>
    product id: 
    0
  </p>
  <p>
    update count of product id: 
    1
  </p>
</div>
`;
