// Jest Snapshot v1, https://goo.gl/fbAQLP

exports[`<Scrollbar> should match snapshot 1`] = `null`;
