// Jest Snapshot v1, https://goo.gl/fbAQLP

exports[`<BaseLayout> should match is's snapshot 1`] = `<main />`;
