// Jest Snapshot v1, https://goo.gl/fbAQLP

exports[`<GlobalCSS> should matches it's snapshots 1`] = `null`;
