// Jest Snapshot v1, https://goo.gl/fbAQLP

exports[`<Student> should match is's snapshot 1`] = `"Student!"`;
